[LOG] Print 25.0 ? 25
[LOG] 1.0 < 10.0 ? true
Exited with code 0
